C51 COMPILER V9.54   MAIN                                                                  01/16/2023 21:49:43 PAGE 1   


C51 COMPILER V9.54, COMPILATION OF MODULE MAIN
OBJECT MODULE PLACED IN .\Objects\main.obj
COMPILER INVOKED BY: C:\Keil_v5\C51\BIN\C51.EXE main.c OPTIMIZE(8,SPEED) BROWSE DEBUG OBJECTEXTEND PRINT(.\Listings\main
                    -.lst) TABS(2) OBJECT(.\Objects\main.obj)

line level    source

   1          #include<reg51.h>
   2          
   3          void Delay100us()   //@11.0592MHz
   4          {
   5   1        unsigned char i;
   6   1      
   7   1        i = 43;
   8   1        while (--i);
   9   1      }
  10          void main(){
  11   1          p1^1=1;
*** ERROR C202 IN LINE 11 OF main.c: 'p1': undefined identifier
*** ERROR C141 IN LINE 11 OF main.c: syntax error near '='
  12   1        while(1){
  13   2          Delay100us();
  14   2          if(p3^4==1){
*** ERROR C202 IN LINE 14 OF main.c: 'p3': undefined identifier
  15   3            ~p1^1;
*** ERROR C202 IN LINE 15 OF main.c: 'p1': undefined identifier
  16   3          }
  17   2          Delay100us();
  18   2        }
  19   1        
  20   1      }

C51 COMPILATION COMPLETE.  0 WARNING(S),  4 ERROR(S)
